scons: Reading SConscript files ...
Using Visual Studio 14.3 with Windows SDK 10.0.26100.0.
Building for platform "windows", architecture "x86_64", target "template_release".
scons: done reading SConscript files.
scons: Building targets ...
Compiling platform\windows\console_wrapper_windows.cpp ...
Creating Compiled Resource bin\obj\platform\windows\godot_res_wrap_template.windows.template_release.x86_64.obj ...
Compiling platform\windows\cpu_feature_validation.c ...
Compiling platform\windows\os_windows.cpp ...
Compiling platform\windows\display_server_windows.cpp ...
Compiling platform\windows\key_mapping_windows.cpp ...
Compiling platform\windows\windows_terminal_logger.cpp ...
Compiling platform\windows\windows_utils.cpp ...
Compiling platform\windows\native_menu_windows.cpp ...
Compiling platform\windows\gl_manager_windows_native.cpp ...
Compiling platform\windows\wgl_detect_version.cpp ...
Compiling platform\windows\rendering_context_driver_vulkan_windows.cpp ...
Compiling platform\windows\drop_target_windows.cpp ...
Compiling platform\windows\godot_windows.cpp ...
Compiling platform\windows\crash_handler_windows_seh.cpp ...
Compiling platform\windows\tts_windows.cpp ...
Compiling platform\windows\tts_driver_sapi.cpp ...
Compiling platform\windows\winrt_utils.cpp ...
Compiling platform\windows\tts_driver_onecore.cpp ...
Creating Compiled Resource bin\obj\platform\windows\godot_res_template.windows.template_release.x86_64.obj ...
Generating modules\modules_enabled.gen.h ...
Compiling main\main_timer_sync.cpp ...
Compiling main\main.cpp ...
Compiling main\performance.cpp ...
Compiling main\steam_tracker.cpp ...
Generating modules\register_module_types.gen.cpp ...
Compiling modules\register_module_types.gen.cpp ...
Linking Static Library bin\obj\modules\modules.windows.template_release.x86_64.lib ...
Compiling thirdparty\harfbuzz\src\hb-aat-layout.cc ...
Compiling thirdparty\harfbuzz\src\hb-aat-map.cc ...
Compiling thirdparty\harfbuzz\src\hb-blob.cc ...
Compiling thirdparty\harfbuzz\src\hb-buffer-serialize.cc ...
Compiling thirdparty\harfbuzz\src\hb-buffer-verify.cc ...
Compiling thirdparty\harfbuzz\src\hb-buffer.cc ...
Compiling thirdparty\harfbuzz\src\hb-common.cc ...
Compiling thirdparty\harfbuzz\src\hb-draw.cc ...
Compiling thirdparty\harfbuzz\src\hb-face-builder.cc ...
Compiling thirdparty\harfbuzz\src\hb-face.cc ...
Compiling thirdparty\harfbuzz\src\hb-fallback-shape.cc ...
Compiling thirdparty\harfbuzz\src\hb-font.cc ...
Compiling thirdparty\harfbuzz\src\hb-icu.cc ...
Compiling thirdparty\harfbuzz\src\hb-map.cc ...
Compiling thirdparty\harfbuzz\src\hb-number.cc ...
Compiling thirdparty\harfbuzz\src\hb-ot-cff1-table.cc ...
Compiling thirdparty\harfbuzz\src\hb-ot-cff2-table.cc ...
Compiling thirdparty\harfbuzz\src\hb-ot-color.cc ...
Compiling thirdparty\harfbuzz\src\hb-ot-face.cc ...
Compiling thirdparty\harfbuzz\src\hb-ot-font.cc ...
Compiling thirdparty\harfbuzz\src\hb-ot-layout.cc ...
Compiling thirdparty\harfbuzz\src\hb-ot-map.cc ...
Compiling thirdparty\harfbuzz\src\hb-ot-math.cc ...
Compiling thirdparty\harfbuzz\src\hb-ot-meta.cc ...
Compiling thirdparty\harfbuzz\src\hb-ot-metrics.cc ...
Compiling thirdparty\harfbuzz\src\hb-ot-name.cc ...
Compiling thirdparty\harfbuzz\src\hb-ot-shaper-arabic.cc ...
Compiling thirdparty\harfbuzz\src\hb-ot-shaper-default.cc ...
Compiling thirdparty\harfbuzz\src\hb-ot-shaper-hangul.cc ...
Compiling thirdparty\harfbuzz\src\hb-ot-shaper-hebrew.cc ...
Compiling thirdparty\harfbuzz\src\hb-ot-shaper-indic-table.cc ...
Compiling thirdparty\harfbuzz\src\hb-ot-shaper-indic.cc ...
Linking Static Library bin\obj\main\main.windows.template_release.x86_64.lib ...
Compiling thirdparty\harfbuzz\src\hb-ot-shaper-khmer.cc ...
Compiling thirdparty\harfbuzz\src\hb-ot-shaper-myanmar.cc ...
Compiling thirdparty\harfbuzz\src\hb-ot-shaper-syllabic.cc ...
Compiling thirdparty\harfbuzz\src\hb-ot-shaper-thai.cc ...
Compiling thirdparty\harfbuzz\src\hb-ot-shaper-use.cc ...
Compiling thirdparty\harfbuzz\src\hb-ot-shaper-vowel-constraints.cc ...
Compiling thirdparty\harfbuzz\src\hb-ot-shape-fallback.cc ...
Compiling thirdparty\harfbuzz\src\hb-ot-shape-normalize.cc ...
Compiling thirdparty\harfbuzz\src\hb-ot-shape.cc ...
Compiling thirdparty\harfbuzz\src\hb-ot-tag.cc ...
Compiling thirdparty\harfbuzz\src\hb-ot-var.cc ...
Compiling thirdparty\harfbuzz\src\hb-outline.cc ...
Compiling thirdparty\harfbuzz\src\hb-paint-bounded.cc ...
Compiling thirdparty\harfbuzz\src\hb-paint-extents.cc ...
Compiling thirdparty\harfbuzz\src\hb-paint.cc ...
Compiling thirdparty\harfbuzz\src\hb-set.cc ...
Compiling thirdparty\harfbuzz\src\hb-shape-plan.cc ...
Compiling thirdparty\harfbuzz\src\hb-shape.cc ...
Compiling thirdparty\harfbuzz\src\hb-shaper.cc ...
Compiling thirdparty\harfbuzz\src\hb-static.cc ...
Compiling thirdparty\harfbuzz\src\hb-style.cc ...
Compiling thirdparty\harfbuzz\src\hb-raster.cc ...
Compiling thirdparty\harfbuzz\src\hb-raster-draw.cc ...
Compiling thirdparty\harfbuzz\src\hb-raster-image.cc ...
Compiling thirdparty\harfbuzz\src\hb-raster-paint.cc ...
Compiling thirdparty\harfbuzz\src\hb-vector-draw.cc ...
Compiling thirdparty\harfbuzz\src\hb-vector-paint-svg.cc ...
Compiling thirdparty\harfbuzz\src\hb-vector-paint.cc ...
Compiling thirdparty\harfbuzz\src\hb-vector-path.cc ...
Compiling thirdparty\harfbuzz\src\hb-vector.cc ...
Compiling thirdparty\harfbuzz\src\hb-subset.cc ...
Compiling thirdparty\harfbuzz\src\hb-ucd.cc ...
Compiling thirdparty\harfbuzz\src\hb-unicode.cc ...
Compiling thirdparty\harfbuzz\src\hb-zlib.cc ...
Compiling thirdparty\harfbuzz\src\OT\Var\VARC\VARC.cc ...
Compiling thirdparty\harfbuzz\src\hb-ft.cc ...
Compiling thirdparty\harfbuzz\src\hb-graphite2.cc ...
Compiling thirdparty\graphite\src\gr_char_info.cpp ...
Compiling thirdparty\graphite\src\gr_face.cpp ...
Compiling thirdparty\graphite\src\gr_features.cpp ...
Compiling thirdparty\graphite\src\gr_font.cpp ...
Compiling thirdparty\graphite\src\gr_logging.cpp ...
Compiling thirdparty\graphite\src\gr_segment.cpp ...
Compiling thirdparty\graphite\src\gr_slot.cpp ...
Compiling thirdparty\graphite\src\CmapCache.cpp ...
Compiling thirdparty\graphite\src\Code.cpp ...
Compiling thirdparty\graphite\src\Collider.cpp ...
Compiling thirdparty\graphite\src\Decompressor.cpp ...
Compiling thirdparty\graphite\src\Face.cpp ...
Compiling thirdparty\graphite\src\FeatureMap.cpp ...
Compiling thirdparty\graphite\src\Font.cpp ...
Compiling thirdparty\graphite\src\GlyphCache.cpp ...
Compiling thirdparty\graphite\src\GlyphFace.cpp ...
Compiling thirdparty\graphite\src\Intervals.cpp ...
Compiling thirdparty\graphite\src\Justifier.cpp ...
Compiling thirdparty\graphite\src\NameTable.cpp ...
Compiling thirdparty\graphite\src\Pass.cpp ...
Compiling thirdparty\graphite\src\Position.cpp ...
Compiling thirdparty\graphite\src\Segment.cpp ...
Compiling thirdparty\graphite\src\Silf.cpp ...
Compiling thirdparty\graphite\src\Slot.cpp ...
Compiling thirdparty\graphite\src\Sparse.cpp ...
Compiling thirdparty\graphite\src\TtfUtil.cpp ...
Compiling thirdparty\graphite\src\UtfCodec.cpp ...
Compiling thirdparty\graphite\src\FileFace.cpp ...
Compiling thirdparty\graphite\src\json.cpp ...
Compiling thirdparty\graphite\src\call_machine.cpp ...
Compiling thirdparty\icu4c\common\appendable.cpp ...
Compiling thirdparty\icu4c\common\bmpset.cpp ...
Compiling thirdparty\icu4c\common\brkeng.cpp ...
Compiling thirdparty\icu4c\common\brkiter.cpp ...
Compiling thirdparty\icu4c\common\bytesinkutil.cpp ...
Linking Static Library bin\obj\modules\text_server_adv\graphite_builtin.windows.template_release.x86_64.lib ...
Compiling thirdparty\icu4c\common\bytestream.cpp ...
Compiling thirdparty\icu4c\common\bytestrie.cpp ...
Compiling thirdparty\icu4c\common\bytestriebuilder.cpp ...
Compiling thirdparty\icu4c\common\bytestrieiterator.cpp ...
Compiling thirdparty\icu4c\common\caniter.cpp ...
Compiling thirdparty\icu4c\common\characterproperties.cpp ...
Compiling thirdparty\icu4c\common\chariter.cpp ...
Compiling thirdparty\icu4c\common\charstr.cpp ...
Compiling thirdparty\icu4c\common\cmemory.cpp ...
Compiling thirdparty\icu4c\common\cstr.cpp ...
Compiling thirdparty\icu4c\common\cstring.cpp ...
Compiling thirdparty\icu4c\common\cwchar.cpp ...
Compiling thirdparty\icu4c\common\dictbe.cpp ...
Compiling thirdparty\icu4c\common\dictionarydata.cpp ...
Compiling thirdparty\icu4c\common\dtintrv.cpp ...
Compiling thirdparty\icu4c\common\edits.cpp ...
Compiling thirdparty\icu4c\common\emojiprops.cpp ...
Compiling thirdparty\icu4c\common\errorcode.cpp ...
Compiling thirdparty\icu4c\common\filteredbrk.cpp ...
Compiling thirdparty\icu4c\common\filterednormalizer2.cpp ...
Compiling thirdparty\icu4c\common\fixedstring.cpp ...
Compiling thirdparty\icu4c\common\icudataver.cpp ...
Compiling thirdparty\icu4c\common\icuplug.cpp ...
Compiling thirdparty\icu4c\common\loadednormalizer2impl.cpp ...
Compiling thirdparty\icu4c\common\localebuilder.cpp ...
Compiling thirdparty\icu4c\common\localematcher.cpp ...
Compiling thirdparty\icu4c\common\localeprioritylist.cpp ...
Compiling thirdparty\icu4c\common\locavailable.cpp ...
Compiling thirdparty\icu4c\common\locbased.cpp ...
Compiling thirdparty\icu4c\common\locdispnames.cpp ...
Compiling thirdparty\icu4c\common\locdistance.cpp ...
Compiling thirdparty\icu4c\common\locdspnm.cpp ...
Compiling thirdparty\icu4c\common\locid.cpp ...
Compiling thirdparty\icu4c\common\loclikely.cpp ...
Compiling thirdparty\icu4c\common\loclikelysubtags.cpp ...
Compiling thirdparty\icu4c\common\locmap.cpp ...
Compiling thirdparty\icu4c\common\locresdata.cpp ...
Compiling thirdparty\icu4c\common\locutil.cpp ...
Compiling thirdparty\icu4c\common\lsr.cpp ...
Compiling thirdparty\icu4c\common\lstmbe.cpp ...
Compiling thirdparty\icu4c\common\messagepattern.cpp ...
Compiling thirdparty\icu4c\common\mlbe.cpp ...
Compiling thirdparty\icu4c\common\normalizer2.cpp ...
Compiling thirdparty\icu4c\common\normalizer2impl.cpp ...
Compiling thirdparty\icu4c\common\normlzr.cpp ...
Compiling thirdparty\icu4c\common\parsepos.cpp ...
Compiling thirdparty\icu4c\common\patternprops.cpp ...
Compiling thirdparty\icu4c\common\pluralmap.cpp ...
Compiling thirdparty\icu4c\common\propname.cpp ...
Compiling thirdparty\icu4c\common\propsvec.cpp ...
Compiling thirdparty\icu4c\common\punycode.cpp ...
Compiling thirdparty\icu4c\common\putil.cpp ...
Compiling thirdparty\icu4c\common\rbbi.cpp ...
Compiling thirdparty\icu4c\common\rbbi_cache.cpp ...
Compiling thirdparty\icu4c\common\rbbidata.cpp ...
Compiling thirdparty\icu4c\common\rbbinode.cpp ...
Compiling thirdparty\icu4c\common\rbbirb.cpp ...
Compiling thirdparty\icu4c\common\rbbiscan.cpp ...
Compiling thirdparty\icu4c\common\rbbisetb.cpp ...
Linking Static Library bin\obj\modules\text_server_adv\harfbuzz_builtin.windows.template_release.x86_64.lib ...
Compiling thirdparty\icu4c\common\rbbistbl.cpp ...
Compiling thirdparty\icu4c\common\rbbitblb.cpp ...
Compiling thirdparty\icu4c\common\resbund.cpp ...
Compiling thirdparty\icu4c\common\resbund_cnv.cpp ...
Compiling thirdparty\icu4c\common\resource.cpp ...
Compiling thirdparty\icu4c\common\restrace.cpp ...
Compiling thirdparty\icu4c\common\ruleiter.cpp ...
Compiling thirdparty\icu4c\common\schriter.cpp ...
Compiling thirdparty\icu4c\common\serv.cpp ...
Compiling thirdparty\icu4c\common\servlk.cpp ...
Compiling thirdparty\icu4c\common\servlkf.cpp ...
Compiling thirdparty\icu4c\common\servls.cpp ...
Compiling thirdparty\icu4c\common\servnotf.cpp ...
Compiling thirdparty\icu4c\common\servrbf.cpp ...
Compiling thirdparty\icu4c\common\servslkf.cpp ...
Compiling thirdparty\icu4c\common\sharedobject.cpp ...
Compiling thirdparty\icu4c\common\simpleformatter.cpp ...
Compiling thirdparty\icu4c\common\static_unicode_sets.cpp ...
Compiling thirdparty\icu4c\common\stringpiece.cpp ...
Compiling thirdparty\icu4c\common\stringtriebuilder.cpp ...
Compiling thirdparty\icu4c\common\uarrsort.cpp ...
Compiling thirdparty\icu4c\common\ubidi.cpp ...
Compiling thirdparty\icu4c\common\ubidi_props.cpp ...
Compiling thirdparty\icu4c\common\ubidiln.cpp ...
Compiling thirdparty\icu4c\common\ubiditransform.cpp ...
Compiling thirdparty\icu4c\common\ubidiwrt.cpp ...
Compiling thirdparty\icu4c\common\ubrk.cpp ...
Compiling thirdparty\icu4c\common\ucase.cpp ...
Compiling thirdparty\icu4c\common\ucasemap.cpp ...
Compiling thirdparty\icu4c\common\ucasemap_titlecase_brkiter.cpp ...
Compiling thirdparty\icu4c\common\ucat.cpp ...
Compiling thirdparty\icu4c\common\uchar.cpp ...
Compiling thirdparty\icu4c\common\ucharstrie.cpp ...
Compiling thirdparty\icu4c\common\ucharstriebuilder.cpp ...
Compiling thirdparty\icu4c\common\ucharstrieiterator.cpp ...
Compiling thirdparty\icu4c\common\uchriter.cpp ...
Compiling thirdparty\icu4c\common\ucln_cmn.cpp ...
Compiling thirdparty\icu4c\common\ucmndata.cpp ...
Compiling thirdparty\icu4c\common\ucnv.cpp ...
Compiling thirdparty\icu4c\common\ucnv2022.cpp ...
Compiling thirdparty\icu4c\common\ucnv_bld.cpp ...
Compiling thirdparty\icu4c\common\ucnv_cb.cpp ...
Compiling thirdparty\icu4c\common\ucnv_cnv.cpp ...
Compiling thirdparty\icu4c\common\ucnv_ct.cpp ...
Compiling thirdparty\icu4c\common\ucnv_err.cpp ...
Compiling thirdparty\icu4c\common\ucnv_ext.cpp ...
Compiling thirdparty\icu4c\common\ucnv_io.cpp ...
Compiling thirdparty\icu4c\common\ucnv_lmb.cpp ...
Compiling thirdparty\icu4c\common\ucnv_set.cpp ...
Compiling thirdparty\icu4c\common\ucnv_u16.cpp ...
Compiling thirdparty\icu4c\common\ucnv_u32.cpp ...
Compiling thirdparty\icu4c\common\ucnv_u7.cpp ...
Compiling thirdparty\icu4c\common\ucnv_u8.cpp ...
Compiling thirdparty\icu4c\common\ucnvbocu.cpp ...
Compiling thirdparty\icu4c\common\ucnvdisp.cpp ...
Compiling thirdparty\icu4c\common\ucnvhz.cpp ...
Compiling thirdparty\icu4c\common\ucnvisci.cpp ...
Compiling thirdparty\icu4c\common\ucnvlat1.cpp ...
Compiling thirdparty\icu4c\common\ucnvmbcs.cpp ...
Compiling thirdparty\icu4c\common\ucnvscsu.cpp ...
Compiling thirdparty\icu4c\common\ucnvsel.cpp ...
Compiling thirdparty\icu4c\common\ucol_swp.cpp ...
Compiling thirdparty\icu4c\common\ucptrie.cpp ...
Compiling thirdparty\icu4c\common\ucurr.cpp ...
Compiling thirdparty\icu4c\common\udata.cpp ...
Compiling thirdparty\icu4c\common\udatamem.cpp ...
Compiling thirdparty\icu4c\common\udataswp.cpp ...
Compiling thirdparty\icu4c\common\uenum.cpp ...
Compiling thirdparty\icu4c\common\uhash.cpp ...
Compiling thirdparty\icu4c\common\uhash_us.cpp ...
Compiling thirdparty\icu4c\common\uidna.cpp ...
Compiling thirdparty\icu4c\common\uinit.cpp ...
Compiling thirdparty\icu4c\common\uinvchar.cpp ...
Compiling thirdparty\icu4c\common\uiter.cpp ...
Compiling thirdparty\icu4c\common\ulist.cpp ...
Compiling thirdparty\icu4c\common\uloc.cpp ...
Compiling thirdparty\icu4c\common\uloc_keytype.cpp ...
Compiling thirdparty\icu4c\common\uloc_tag.cpp ...
Compiling thirdparty\icu4c\common\ulocale.cpp ...
Compiling thirdparty\icu4c\common\ulocbuilder.cpp ...
Compiling thirdparty\icu4c\common\umapfile.cpp ...
Compiling thirdparty\icu4c\common\umath.cpp ...
Compiling thirdparty\icu4c\common\umutablecptrie.cpp ...
Compiling thirdparty\icu4c\common\umutex.cpp ...
Compiling thirdparty\icu4c\common\unames.cpp ...
Compiling thirdparty\icu4c\common\unifiedcache.cpp ...
Compiling thirdparty\icu4c\common\unifilt.cpp ...
Compiling thirdparty\icu4c\common\unifunct.cpp ...
Compiling thirdparty\icu4c\common\uniset.cpp ...
Compiling thirdparty\icu4c\common\uniset_closure.cpp ...
Compiling thirdparty\icu4c\common\uniset_props.cpp ...
Compiling thirdparty\icu4c\common\unisetspan.cpp ...
Compiling thirdparty\icu4c\common\unistr.cpp ...
Compiling thirdparty\icu4c\common\unistr_case.cpp ...
Compiling thirdparty\icu4c\common\unistr_case_locale.cpp ...
Compiling thirdparty\icu4c\common\unistr_cnv.cpp ...
Compiling thirdparty\icu4c\common\unistr_props.cpp ...
Compiling thirdparty\icu4c\common\unistr_titlecase_brkiter.cpp ...
Compiling thirdparty\icu4c\common\unorm.cpp ...
Compiling thirdparty\icu4c\common\unormcmp.cpp ...
Compiling thirdparty\icu4c\common\uobject.cpp ...
Compiling thirdparty\icu4c\common\uprops.cpp ...
Compiling thirdparty\icu4c\common\ures_cnv.cpp ...
Compiling thirdparty\icu4c\common\uresbund.cpp ...
Compiling thirdparty\icu4c\common\uresdata.cpp ...
Compiling thirdparty\icu4c\common\usc_impl.cpp ...
Compiling thirdparty\icu4c\common\uscript.cpp ...
Compiling thirdparty\icu4c\common\uscript_props.cpp ...
Compiling thirdparty\icu4c\common\uset.cpp ...
Compiling thirdparty\icu4c\common\uset_props.cpp ...
Compiling thirdparty\icu4c\common\usetiter.cpp ...
Compiling thirdparty\icu4c\common\usprep.cpp ...
Compiling thirdparty\icu4c\common\ustack.cpp ...
Compiling thirdparty\icu4c\common\ustr_cnv.cpp ...
Compiling thirdparty\icu4c\common\ustr_titlecase_brkiter.cpp ...
Compiling thirdparty\icu4c\common\ustr_wcs.cpp ...
Compiling thirdparty\icu4c\common\ustrcase.cpp ...
Compiling thirdparty\icu4c\common\ustrcase_locale.cpp ...
Compiling thirdparty\icu4c\common\ustrenum.cpp ...
Compiling thirdparty\icu4c\common\ustrfmt.cpp ...
Compiling thirdparty\icu4c\common\ustring.cpp ...
Compiling thirdparty\icu4c\common\ustrtrns.cpp ...
Compiling thirdparty\icu4c\common\utext.cpp ...
Compiling thirdparty\icu4c\common\utf_impl.cpp ...
Compiling thirdparty\icu4c\common\util.cpp ...
Compiling thirdparty\icu4c\common\util_props.cpp ...
Compiling thirdparty\icu4c\common\utrace.cpp ...
Compiling thirdparty\icu4c\common\utrie.cpp ...
Compiling thirdparty\icu4c\common\utrie2.cpp ...
Compiling thirdparty\icu4c\common\utrie2_builder.cpp ...
Compiling thirdparty\icu4c\common\utrie_swap.cpp ...
Compiling thirdparty\icu4c\common\uts46.cpp ...
Compiling thirdparty\icu4c\common\utypes.cpp ...
Compiling thirdparty\icu4c\common\uvector.cpp ...
Compiling thirdparty\icu4c\common\uvectr32.cpp ...
Compiling thirdparty\icu4c\common\uvectr64.cpp ...
Compiling thirdparty\icu4c\common\wintz.cpp ...
Compiling thirdparty\icu4c\i18n\scriptset.cpp ...
Compiling thirdparty\icu4c\i18n\ucln_in.cpp ...
Compiling thirdparty\icu4c\i18n\uspoof.cpp ...
Compiling thirdparty\icu4c\i18n\uspoof_impl.cpp ...
Compiling modules\text_server_adv\icu_data\icudata_stub.cpp ...
Compiling thirdparty\ufbx\ufbx.c ...
Compiling modules\gltf\gltf_document.cpp ...
Compiling modules\gltf\gltf_state.cpp ...
Compiling modules\gltf\register_types.cpp ...
Compiling modules\gltf\skin_tool.cpp ...
Compiling modules\gltf\structures\gltf_accessor.cpp ...
Compiling modules\gltf\structures\gltf_animation.cpp ...
Linking Static Library bin\obj\modules\text_server_adv\icu_builtin.windows.template_release.x86_64.lib ...
Compiling modules\text_server_adv\text_server_adv.cpp ...
Compiling modules\fbx\fbx_document.cpp ...
Compiling modules\fbx\register_types.cpp ...
Compiling modules\fbx\fbx_state.cpp ...
Compiling modules\text_server_adv\register_types.cpp ...
Compiling modules\text_server_adv\script_iterator.cpp ...
Compiling modules\text_server_adv\thorvg_svg_in_ot.cpp ...
Compiling modules\gltf\structures\gltf_buffer_view.cpp ...
Compiling modules\gltf\structures\gltf_camera.cpp ...
Compiling modules\gltf\structures\gltf_mesh.cpp ...
Compiling modules\gltf\structures\gltf_node.cpp ...
Compiling modules\gltf\structures\gltf_object_model_property.cpp ...
Linking Static Library bin\obj\modules\module_fbx.windows.template_release.x86_64.lib ...
Compiling modules\gltf\structures\gltf_skeleton.cpp ...
Compiling modules\gltf\structures\gltf_skin.cpp ...
Compiling modules\gltf\structures\gltf_texture.cpp ...
Linking Static Library bin\obj\modules\module_text_server_adv.windows.template_release.x86_64.lib ...
Compiling modules\gltf\structures\gltf_texture_sampler.cpp ...
Compiling modules\gltf\extensions\gltf_document_extension.cpp ...
Compiling modules\gltf\extensions\gltf_document_extension_convert_importer_mesh.cpp ...
Compiling modules\gltf\extensions\gltf_document_extension_texture_ktx.cpp ...
Compiling modules\gltf\extensions\gltf_document_extension_texture_webp.cpp ...
Compiling modules\gltf\extensions\gltf_light.cpp ...
Compiling modules\gltf\extensions\gltf_spec_gloss.cpp ...
Compiling modules\gltf\extensions\physics\gltf_document_extension_physics.cpp ...
Compiling modules\gltf\extensions\physics\gltf_physics_body.cpp ...
Compiling modules\gltf\extensions\physics\gltf_physics_shape.cpp ...
Compiling thirdparty\libktx\lib\basis_transcode.cpp ...
Compiling thirdparty\libktx\lib\checkheader.c ...
Compiling thirdparty\libktx\lib\filestream.c ...
Compiling thirdparty\libktx\lib\hashlist.c ...
Compiling thirdparty\libktx\lib\memstream.c ...
Compiling thirdparty\libktx\lib\miniz_wrapper.cpp ...
Compiling thirdparty\libktx\lib\swap.c ...
Compiling thirdparty\libktx\lib\texture.c ...
Compiling thirdparty\libktx\lib\texture1.c ...
Compiling thirdparty\libktx\lib\texture2.c ...
Compiling thirdparty\libktx\lib\vkformat_check.c ...
Compiling thirdparty\libktx\lib\vkformat_check_variant.c ...
Compiling thirdparty\libktx\lib\vkformat_typesize.c ...
Compiling thirdparty\libktx\external\dfdutils\createdfd.c ...
Compiling thirdparty\libktx\external\dfdutils\colourspaces.c ...
Compiling thirdparty\libktx\external\dfdutils\interpretdfd.c ...
Compiling thirdparty\libktx\external\dfdutils\printdfd.c ...
Compiling thirdparty\libktx\external\dfdutils\queries.c ...
Compiling thirdparty\libktx\external\dfdutils\vk2dfd.c ...
Compiling thirdparty\thorvg\src\common\tvgColor.cpp ...
Compiling thirdparty\thorvg\src\common\tvgCompressor.cpp ...
Compiling thirdparty\thorvg\src\common\tvgMath.cpp ...
Compiling thirdparty\thorvg\src\common\tvgStr.cpp ...
Compiling thirdparty\thorvg\src\loaders\svg\tvgSvgCssStyle.cpp ...
Compiling modules\ktx\register_types.cpp ...
Compiling modules\ktx\texture_loader_ktx.cpp ...
Compiling thirdparty\thorvg\src\loaders\svg\tvgSvgLoader.cpp ...
Compiling thirdparty\thorvg\src\loaders\svg\tvgSvgPath.cpp ...
Compiling thirdparty\thorvg\src\loaders\svg\tvgSvgSceneBuilder.cpp ...
Compiling thirdparty\thorvg\src\loaders\svg\tvgSvgUtil.cpp ...
Compiling thirdparty\thorvg\src\loaders\svg\tvgXmlParser.cpp ...
Linking Static Library bin\obj\modules\module_gltf.windows.template_release.x86_64.lib ...
Compiling thirdparty\thorvg\src\loaders\raw\tvgRawLoader.cpp ...
Compiling thirdparty\thorvg\src\loaders\external_png\tvgPngLoader.cpp ...
Compiling thirdparty\thorvg\src\renderer\tvgAccessor.cpp ...
Compiling thirdparty\thorvg\src\renderer\tvgCanvas.cpp ...
Compiling thirdparty\thorvg\src\renderer\tvgFill.cpp ...
Compiling thirdparty\thorvg\src\renderer\tvgInitializer.cpp ...
Linking Static Library bin\obj\modules\module_ktx.windows.template_release.x86_64.lib ...
Compiling thirdparty\thorvg\src\renderer\tvgLoader.cpp ...
Compiling thirdparty\thorvg\src\renderer\tvgPaint.cpp ...
Compiling thirdparty\thorvg\src\renderer\tvgPicture.cpp ...
Compiling thirdparty\thorvg\src\renderer\tvgRender.cpp ...
Compiling thirdparty\thorvg\src\renderer\tvgScene.cpp ...
Compiling thirdparty\thorvg\src\renderer\tvgShape.cpp ...
Compiling thirdparty\thorvg\src\renderer\tvgTaskScheduler.cpp ...
Compiling thirdparty\thorvg\src\renderer\tvgText.cpp ...
Compiling thirdparty\thorvg\src\renderer\sw_engine\tvgSwFill.cpp ...
Compiling thirdparty\thorvg\src\renderer\sw_engine\tvgSwImage.cpp ...
Compiling thirdparty\thorvg\src\renderer\sw_engine\tvgSwMath.cpp ...
Compiling thirdparty\thorvg\src\renderer\sw_engine\tvgSwMemPool.cpp ...
Compiling thirdparty\thorvg\src\renderer\sw_engine\tvgSwPostEffect.cpp ...
Compiling thirdparty\thorvg\src\renderer\sw_engine\tvgSwRaster.cpp ...
Compiling thirdparty\thorvg\src\renderer\sw_engine\tvgSwRenderer.cpp ...
Compiling thirdparty\thorvg\src\renderer\sw_engine\tvgSwRle.cpp ...
Compiling thirdparty\thorvg\src\renderer\sw_engine\tvgSwShape.cpp ...
Compiling thirdparty\thorvg\src\renderer\sw_engine\tvgSwStroke.cpp ...
Compiling thirdparty\thorvg\src\loaders\external_webp\tvgWebpLoader.cpp ...
Compiling thirdparty\thorvg\src\loaders\external_jpg\tvgJpgLoader.cpp ...
Compiling thirdparty\libtheora\bitpack.c ...
Compiling thirdparty\libtheora\decinfo.c ...
Compiling thirdparty\libtheora\decode.c ...
Compiling thirdparty\libtheora\dequant.c ...
Compiling thirdparty\libtheora\fragment.c ...
Compiling thirdparty\libtheora\huffdec.c ...
Compiling thirdparty\libtheora\idct.c ...
Compiling thirdparty\libtheora\info.c ...
Compiling thirdparty\libtheora\internal.c ...
Compiling thirdparty\libtheora\quant.c ...
Compiling thirdparty\libtheora\state.c ...
Compiling thirdparty\libvorbis\bitrate.c ...
Compiling thirdparty\libvorbis\block.c ...
Compiling thirdparty\libvorbis\codebook.c ...
Compiling thirdparty\libvorbis\envelope.c ...
Compiling thirdparty\libvorbis\floor0.c ...
Compiling modules\theora\video_stream_theora.cpp ...
Compiling modules\theora\register_types.cpp ...
Compiling thirdparty\libvorbis\floor1.c ...
Compiling thirdparty\libvorbis\info.c ...
Compiling thirdparty\libvorbis\lookup.c ...
Compiling thirdparty\libvorbis\lpc.c ...
Compiling thirdparty\libvorbis\lsp.c ...
Compiling thirdparty\libvorbis\mapping0.c ...
Compiling thirdparty\libvorbis\mdct.c ...
Compiling thirdparty\libvorbis\psy.c ...
Compiling thirdparty\libvorbis\registry.c ...
Compiling thirdparty\libvorbis\res0.c ...
Compiling thirdparty\libvorbis\sharedbook.c ...
Compiling thirdparty\libvorbis\smallft.c ...
Compiling thirdparty\libvorbis\synthesis.c ...
Compiling modules\svg\register_types.cpp ...
Compiling modules\svg\image_loader_svg.cpp ...
Compiling thirdparty\libvorbis\vorbisfile.c ...
Compiling thirdparty\libvorbis\window.c ...
Compiling thirdparty\astcenc\astcenc_averages_and_directions.cpp ...
Compiling modules\vorbis\register_types.cpp ...
Compiling modules\vorbis\resource_importer_ogg_vorbis.cpp ...
Compiling modules\vorbis\audio_stream_ogg_vorbis.cpp ...
Compiling thirdparty\astcenc\astcenc_block_sizes.cpp ...
Compiling thirdparty\astcenc\astcenc_color_quantize.cpp ...
Compiling thirdparty\astcenc\astcenc_color_unquantize.cpp ...
Compiling thirdparty\astcenc\astcenc_compress_symbolic.cpp ...
Compiling thirdparty\astcenc\astcenc_compute_variance.cpp ...
Compiling thirdparty\astcenc\astcenc_decompress_symbolic.cpp ...
Compiling thirdparty\astcenc\astcenc_diagnostic_trace.cpp ...
Compiling thirdparty\astcenc\astcenc_entry.cpp ...
Compiling thirdparty\astcenc\astcenc_find_best_partitioning.cpp ...
Compiling thirdparty\astcenc\astcenc_ideal_endpoints_and_weights.cpp ...
Compiling thirdparty\astcenc\astcenc_image.cpp ...
Compiling thirdparty\astcenc\astcenc_integer_sequence.cpp ...
Linking Static Library bin\obj\modules\module_svg.windows.template_release.x86_64.lib ...
Compiling thirdparty\astcenc\astcenc_mathlib.cpp ...
Compiling thirdparty\astcenc\astcenc_mathlib_softfloat.cpp ...
Compiling thirdparty\astcenc\astcenc_partition_tables.cpp ...
Compiling thirdparty\astcenc\astcenc_percentile_tables.cpp ...
Linking Static Library bin\obj\modules\module_theora.windows.template_release.x86_64.lib ...
Compiling thirdparty\astcenc\astcenc_pick_best_endpoint_format.cpp ...
Compiling thirdparty\astcenc\astcenc_quantization.cpp ...
Compiling thirdparty\astcenc\astcenc_symbolic_physical.cpp ...
Compiling thirdparty\astcenc\astcenc_weight_align.cpp ...
Compiling thirdparty\astcenc\astcenc_weight_quant_xfer_tables.cpp ...
Compiling thirdparty\basis_universal\transcoder\basisu_transcoder.cpp ...
Linking Static Library bin\obj\modules\module_vorbis.windows.template_release.x86_64.lib ...
Compiling modules\bcdec\image_decompress_bcdec.cpp ...
Compiling modules\bcdec\register_types.cpp ...
Compiling modules\bmp\image_loader_bmp.cpp ...
Compiling modules\bmp\register_types.cpp ...
Compiling modules\camera\register_types.cpp ...
Compiling modules\astcenc\image_compress_astcenc.cpp ...
Compiling modules\astcenc\register_types.cpp ...
Compiling modules\camera\camera_win.cpp ...
Compiling thirdparty\manifold\src\boolean_result.cpp ...
Compiling thirdparty\manifold\src\boolean3.cpp ...
Linking Static Library bin\obj\modules\module_astcenc.windows.template_release.x86_64.lib ...
Compiling thirdparty\manifold\src\constructors.cpp ...
Compiling thirdparty\manifold\src\csg_tree.cpp ...
Linking Static Library bin\obj\modules\module_bmp.windows.template_release.x86_64.lib ...
Compiling thirdparty\manifold\src\edge_op.cpp ...
Linking Static Library bin\obj\modules\module_bcdec.windows.template_release.x86_64.lib ...
Compiling thirdparty\manifold\src\face_op.cpp ...
Linking Static Library bin\obj\modules\module_camera.windows.template_release.x86_64.lib ...
Compiling thirdparty\manifold\src\impl.cpp ...
Compiling thirdparty\manifold\src\manifold.cpp ...
Compiling thirdparty\manifold\src\polygon.cpp ...
Compiling thirdparty\manifold\src\properties.cpp ...
Compiling thirdparty\manifold\src\quickhull.cpp ...
Compiling thirdparty\manifold\src\sdf.cpp ...
Compiling modules\basis_universal\image_compress_basisu.cpp ...
Compiling modules\basis_universal\register_types.cpp ...
Compiling thirdparty\manifold\src\smoothing.cpp ...
Compiling thirdparty\manifold\src\sort.cpp ...
Compiling thirdparty\manifold\src\subdivision.cpp ...
Compiling thirdparty\manifold\src\tree2d.cpp ...
Compiling modules\dds\image_saver_dds.cpp ...
Compiling modules\dds\register_types.cpp ...
Compiling modules\dds\texture_loader_dds.cpp ...
Compiling thirdparty\enet\enet_godot.cpp ...
Linking Static Library bin\obj\modules\module_basis_universal.windows.template_release.x86_64.lib ...
Compiling thirdparty\enet\callbacks.c ...
Compiling thirdparty\enet\compress.c ...
Compiling thirdparty\enet\host.c ...
Compiling thirdparty\enet\list.c ...
Compiling thirdparty\enet\packet.c ...
Compiling thirdparty\enet\peer.c ...
Compiling thirdparty\enet\protocol.c ...
Compiling thirdparty\etcpak\DecodeRGB.cpp ...
Compiling thirdparty\etcpak\Dither.cpp ...
Compiling thirdparty\etcpak\ProcessDxtc.cpp ...
Compiling thirdparty\etcpak\ProcessRGB.cpp ...
Compiling thirdparty\etcpak\Tables.cpp ...
Compiling modules\gdscript\gdscript.cpp ...
Compiling modules\gdscript\gdscript_analyzer.cpp ...
Compiling modules\gdscript\gdscript_byte_codegen.cpp ...
Compiling modules\csg\csg.cpp ...
Linking Static Library bin\obj\modules\module_dds.windows.template_release.x86_64.lib ...
Compiling modules\csg\register_types.cpp ...
Compiling modules\csg\csg_shape.cpp ...
Compiling modules\enet\enet_connection.cpp ...
Compiling modules\enet\register_types.cpp ...
Compiling modules\etcpak\register_types.cpp ...
Compiling modules\etcpak\image_decompress_etcpak.cpp ...
Compiling modules\etcpak\image_compress_etcpak.cpp ...
Compiling modules\enet\enet_multiplayer_peer.cpp ...
Compiling modules\enet\enet_packet_peer.cpp ...
Compiling modules\gdscript\gdscript_cache.cpp ...
Linking Static Library bin\obj\modules\module_etcpak.windows.template_release.x86_64.lib ...
Compiling modules\gdscript\gdscript_compiler.cpp ...
Compiling modules\gdscript\gdscript_disassembler.cpp ...
Compiling modules\gdscript\gdscript_editor.cpp ...
Compiling modules\gdscript\gdscript_function.cpp ...
Compiling modules\gdscript\gdscript_lambda_callable.cpp ...
Linking Static Library bin\obj\modules\module_enet.windows.template_release.x86_64.lib ...
Compiling modules\gdscript\gdscript_parser.cpp ...
Compiling modules\gdscript\gdscript_resource_format.cpp ...
Compiling modules\gdscript\gdscript_rpc_callable.cpp ...
Compiling modules\gdscript\gdscript_tokenizer.cpp ...
Compiling modules\gdscript\gdscript_tokenizer_buffer.cpp ...
Linking Static Library bin\obj\modules\module_csg.windows.template_release.x86_64.lib ...
Compiling modules\gdscript\gdscript_utility_callable.cpp ...
Compiling modules\gdscript\gdscript_utility_functions.cpp ...
Compiling modules\gdscript\gdscript_vm.cpp ...
Compiling modules\gdscript\gdscript_warning.cpp ...
Compiling modules\gdscript\register_types.cpp ...
Compiling thirdparty\glslang\glslang\GenericCodeGen\CodeGen.cpp ...
Compiling thirdparty\glslang\glslang\GenericCodeGen\Link.cpp ...
Compiling thirdparty\glslang\glslang\MachineIndependent\attribute.cpp ...
Compiling thirdparty\glslang\glslang\MachineIndependent\Constant.cpp ...
Compiling thirdparty\glslang\glslang\MachineIndependent\glslang_tab.cpp ...
Compiling thirdparty\glslang\glslang\MachineIndependent\InfoSink.cpp ...
Compiling thirdparty\glslang\glslang\MachineIndependent\Initialize.cpp ...
Compiling thirdparty\glslang\glslang\MachineIndependent\Intermediate.cpp ...
Compiling thirdparty\glslang\glslang\MachineIndependent\intermOut.cpp ...
Compiling thirdparty\glslang\glslang\MachineIndependent\IntermTraverse.cpp ...
Compiling thirdparty\glslang\glslang\MachineIndependent\iomapper.cpp ...
Compiling thirdparty\glslang\glslang\MachineIndependent\limits.cpp ...
Compiling thirdparty\glslang\glslang\MachineIndependent\linkValidate.cpp ...
Compiling thirdparty\glslang\glslang\MachineIndependent\parseConst.cpp ...
Compiling thirdparty\glslang\glslang\MachineIndependent\ParseContextBase.cpp ...
Compiling thirdparty\glslang\glslang\MachineIndependent\ParseHelper.cpp ...
Compiling thirdparty\glslang\glslang\MachineIndependent\PoolAlloc.cpp ...
Compiling thirdparty\glslang\glslang\MachineIndependent\preprocessor\PpAtom.cpp ...
Compiling thirdparty\glslang\glslang\MachineIndependent\preprocessor\PpContext.cpp ...
Compiling thirdparty\glslang\glslang\MachineIndependent\preprocessor\Pp.cpp ...
Compiling thirdparty\glslang\glslang\MachineIndependent\preprocessor\PpScanner.cpp ...
Compiling thirdparty\glslang\glslang\MachineIndependent\preprocessor\PpTokens.cpp ...
Compiling thirdparty\glslang\glslang\MachineIndependent\propagateNoContraction.cpp ...
Compiling thirdparty\glslang\glslang\MachineIndependent\reflection.cpp ...
Compiling thirdparty\glslang\glslang\MachineIndependent\RemoveTree.cpp ...
Compiling thirdparty\glslang\glslang\MachineIndependent\Scan.cpp ...
Compiling thirdparty\glslang\glslang\MachineIndependent\ShaderLang.cpp ...
Compiling thirdparty\glslang\glslang\MachineIndependent\SpirvIntrinsics.cpp ...
Compiling thirdparty\glslang\glslang\MachineIndependent\SymbolTable.cpp ...
Compiling thirdparty\glslang\glslang\MachineIndependent\Versions.cpp ...
Compiling thirdparty\glslang\glslang\ResourceLimits\ResourceLimits.cpp ...
Compiling thirdparty\glslang\SPIRV\disassemble.cpp ...
Compiling thirdparty\glslang\SPIRV\doc.cpp ...
Compiling thirdparty\glslang\SPIRV\GlslangToSpv.cpp ...
Compiling thirdparty\glslang\SPIRV\InReadableOrder.cpp ...
Compiling thirdparty\glslang\SPIRV\Logger.cpp ...
Compiling thirdparty\glslang\SPIRV\SpvBuilder.cpp ...
Compiling thirdparty\glslang\SPIRV\SpvPostProcess.cpp ...
Compiling thirdparty\glslang\SPIRV\SpvTools.cpp ...
Compiling thirdparty\glslang\glslang\OSDependent\Windows\ossource.cpp ...
Compiling modules\godot_physics_2d\godot_area_2d.cpp ...
Compiling modules\godot_physics_2d\godot_area_pair_2d.cpp ...
Compiling modules\godot_physics_2d\godot_body_2d.cpp ...
Compiling modules\godot_physics_2d\godot_body_direct_state_2d.cpp ...
Compiling modules\godot_physics_2d\godot_body_pair_2d.cpp ...
Compiling modules\godot_physics_2d\godot_broad_phase_2d_bvh.cpp ...
Compiling modules\godot_physics_2d\godot_collision_object_2d.cpp ...
Compiling modules\godot_physics_2d\godot_collision_solver_2d.cpp ...
Compiling modules\godot_physics_2d\godot_collision_solver_2d_sat.cpp ...
Compiling modules\godot_physics_2d\godot_joints_2d.cpp ...
Compiling modules\godot_physics_2d\godot_physics_server_2d.cpp ...
Compiling modules\godot_physics_2d\godot_shape_2d.cpp ...
Compiling modules\godot_physics_2d\godot_space_2d.cpp ...
Compiling modules\godot_physics_2d\godot_step_2d.cpp ...
Compiling modules\godot_physics_2d\register_types.cpp ...
Compiling modules\godot_physics_3d\gjk_epa.cpp ...
Compiling modules\godot_physics_3d\godot_area_3d.cpp ...
Compiling modules\godot_physics_3d\godot_area_pair_3d.cpp ...
Compiling modules\godot_physics_3d\godot_body_3d.cpp ...
Compiling modules\godot_physics_3d\godot_body_direct_state_3d.cpp ...
Compiling modules\godot_physics_3d\godot_body_pair_3d.cpp ...
Compiling modules\godot_physics_3d\godot_broad_phase_3d_bvh.cpp ...
Compiling modules\godot_physics_3d\godot_collision_object_3d.cpp ...
Compiling modules\godot_physics_3d\godot_collision_solver_3d.cpp ...
Compiling modules\godot_physics_3d\godot_collision_solver_3d_sat.cpp ...
Compiling modules\godot_physics_3d\godot_physics_server_3d.cpp ...
Compiling modules\godot_physics_3d\godot_shape_3d.cpp ...
Compiling modules\godot_physics_3d\godot_soft_body_3d.cpp ...
Compiling modules\godot_physics_3d\godot_space_3d.cpp ...
Compiling modules\godot_physics_3d\godot_step_3d.cpp ...
Compiling modules\glslang\register_types.cpp ...
Compiling modules\godot_physics_3d\register_types.cpp ...
Compiling modules\godot_physics_3d\joints\godot_cone_twist_joint_3d.cpp ...
Compiling modules\godot_physics_3d\joints\godot_generic_6dof_joint_3d.cpp ...
Compiling modules\godot_physics_3d\joints\godot_hinge_joint_3d.cpp ...
Linking Static Library bin\obj\modules\module_glslang.windows.template_release.x86_64.lib ...
Compiling modules\godot_physics_3d\joints\godot_pin_joint_3d.cpp ...
Compiling modules\godot_physics_3d\joints\godot_slider_joint_3d.cpp ...
Compiling modules\gridmap\grid_map.cpp ...
Compiling modules\gridmap\register_types.cpp ...
Compiling modules\hdr\image_loader_hdr.cpp ...
Compiling modules\hdr\register_types.cpp ...
Compiling modules\interactive_music\audio_stream_interactive.cpp ...
Linking Static Library bin\obj\modules\module_godot_physics_3d.windows.template_release.x86_64.lib ...
Compiling modules\interactive_music\audio_stream_playlist.cpp ...
Compiling modules\interactive_music\audio_stream_synchronized.cpp ...
Linking Static Library bin\obj\modules\module_hdr.windows.template_release.x86_64.lib ...
scons: *** [bin\obj\modules\interactive_music\audio_stream_synchronized.windows.template_release.x86_64.obj] Error 3221225794
scons: *** [bin\obj\modules\module_hdr.windows.template_release.x86_64.lib] Error 3221225794
