scons: Reading SConscript files ...
Using Visual Studio 14.3 with Windows SDK 10.0.26100.0.
WARNING: The ANGLE rendering driver requires dependencies to be installed.
You can install them by running `python misc\scripts\install_angle.py`.
See the documentation for more information:
	https://docs.godotengine.org/en/latest/engine_details/development/compiling/compiling_for_windows.html
Alternatively, disable this driver by compiling with `angle=no` explicitly.
Building for platform "windows", architecture "x86_64", target "editor".
scons: done reading SConscript files.
scons: Building targets ...
Compiling editor\translations\doc_translations.gen.cpp ...
Compiling editor\doc\editor_help.cpp ...
Compiling editor\docks\editor_dock.cpp ...
Compiling editor\docks\editor_dock_manager.cpp ...
Compiling editor\docks\filesystem_dock.cpp ...
Compiling editor\docks\groups_dock.cpp ...
Compiling editor\docks\history_dock.cpp ...
Compiling editor\docks\import_dock.cpp ...
Compiling editor\docks\inspector_dock.cpp ...
Compiling editor\docks\scene_tree_dock.cpp ...
Compiling editor\docks\signals_dock.cpp ...
Compiling editor\export\codesign.cpp ...
Compiling editor\export\dedicated_server_export_plugin.cpp ...
Compiling editor\export\editor_export.cpp ...
Compiling editor\export\editor_export_platform.cpp ...
Compiling editor\export\editor_export_platform_apple_embedded.cpp ...
Compiling editor\export\editor_export_platform_extension.cpp ...
editor\translations\doc_translations.gen.cpp(503845): fatal error C1060: espa‡o de heap do compilador insuficiente
scons: *** [bin\obj\editor\translations\doc_translations.gen.windows.editor.x86_64.obj] Error 2
scons: building terminated because of errors.
INFO: Time elapsed: 00:04:09.91
